// Jest Snapshot v1, https://goo.gl/fbAQLP

exports[`should match its snapshot 1`] = `
ShallowWrapper {
  "length": 1,
  Symbol(enzyme.__root__): [Circular],
  Symbol(enzyme.__unrendered__): <OpeningScrolling
    OpeningCrawl={
        Object {
            "body": Array [
              "Yogurt",
              "I hate",
              "Yogurt",
            ],
            "releaseDate": "Jan 1",
            "title": "Star Wars!",
          }
    }
/>,
  Symbol(enzyme.__renderer__): Object {
    "batchedUpdates": [Function],
    "getNode": [Function],
    "render": [Function],
    "simulateEvent": [Function],
    "unmount": [Function],
  },
  Symbol(enzyme.__node__): Object {
    "instance": null,
    "key": undefined,
    "nodeType": "host",
    "props": Object {
      "children": <div
        className="crawl"
>
        <div
                className="fade"
        />
        <h1
                className="scrolling-opening-title"
        >
                Star Wars!
        </h1>
        <div>
                <div>
                        <p>
                                Yogurt
                        </p>
                        <p>
                                I hate
                        </p>
                        <p>
                                Yogurt
                        </p>
                </div>
                <p>
                        Jan 1
                </p>
        </div>
</div>,
      "className": "scrolling-opening",
    },
    "ref": null,
    "rendered": Object {
      "instance": null,
      "key": undefined,
      "nodeType": "host",
      "props": Object {
        "children": Array [
          <div
            className="fade"
/>,
          <h1
            className="scrolling-opening-title"
>
            Star Wars!
</h1>,
          <div>
            <div>
                        <p>
                                    Yogurt
                        </p>
                        <p>
                                    I hate
                        </p>
                        <p>
                                    Yogurt
                        </p>
            </div>
            <p>
                        Jan 1
            </p>
</div>,
        ],
        "className": "crawl",
      },
      "ref": null,
      "rendered": Array [
        Object {
          "instance": null,
          "key": undefined,
          "nodeType": "host",
          "props": Object {
            "className": "fade",
          },
          "ref": null,
          "rendered": null,
          "type": "div",
        },
        Object {
          "instance": null,
          "key": undefined,
          "nodeType": "host",
          "props": Object {
            "children": "Star Wars!",
            "className": "scrolling-opening-title",
          },
          "ref": null,
          "rendered": "Star Wars!",
          "type": "h1",
        },
        Object {
          "instance": null,
          "key": undefined,
          "nodeType": "host",
          "props": Object {
            "children": Array [
              <div>
                <p>
                                Yogurt
                </p>
                <p>
                                I hate
                </p>
                <p>
                                Yogurt
                </p>
</div>,
              <p>
                Jan 1
</p>,
            ],
          },
          "ref": null,
          "rendered": Array [
            Object {
              "instance": null,
              "key": undefined,
              "nodeType": "host",
              "props": Object {
                "children": Array [
                  <p>
                    Yogurt
</p>,
                  <p>
                    I hate
</p>,
                  <p>
                    Yogurt
</p>,
                ],
              },
              "ref": null,
              "rendered": Array [
                Object {
                  "instance": null,
                  "key": undefined,
                  "nodeType": "host",
                  "props": Object {
                    "children": "Yogurt",
                  },
                  "ref": null,
                  "rendered": "Yogurt",
                  "type": "p",
                },
                Object {
                  "instance": null,
                  "key": undefined,
                  "nodeType": "host",
                  "props": Object {
                    "children": "I hate",
                  },
                  "ref": null,
                  "rendered": "I hate",
                  "type": "p",
                },
                Object {
                  "instance": null,
                  "key": undefined,
                  "nodeType": "host",
                  "props": Object {
                    "children": "Yogurt",
                  },
                  "ref": null,
                  "rendered": "Yogurt",
                  "type": "p",
                },
              ],
              "type": "div",
            },
            Object {
              "instance": null,
              "key": undefined,
              "nodeType": "host",
              "props": Object {
                "children": "Jan 1",
              },
              "ref": null,
              "rendered": "Jan 1",
              "type": "p",
            },
          ],
          "type": "div",
        },
      ],
      "type": "div",
    },
    "type": "div",
  },
  Symbol(enzyme.__nodes__): Array [
    Object {
      "instance": null,
      "key": undefined,
      "nodeType": "host",
      "props": Object {
        "children": <div
          className="crawl"
>
          <div
                    className="fade"
          />
          <h1
                    className="scrolling-opening-title"
          >
                    Star Wars!
          </h1>
          <div>
                    <div>
                              <p>
                                        Yogurt
                              </p>
                              <p>
                                        I hate
                              </p>
                              <p>
                                        Yogurt
                              </p>
                    </div>
                    <p>
                              Jan 1
                    </p>
          </div>
</div>,
        "className": "scrolling-opening",
      },
      "ref": null,
      "rendered": Object {
        "instance": null,
        "key": undefined,
        "nodeType": "host",
        "props": Object {
          "children": Array [
            <div
              className="fade"
/>,
            <h1
              className="scrolling-opening-title"
>
              Star Wars!
</h1>,
            <div>
              <div>
                            <p>
                                          Yogurt
                            </p>
                            <p>
                                          I hate
                            </p>
                            <p>
                                          Yogurt
                            </p>
              </div>
              <p>
                            Jan 1
              </p>
</div>,
          ],
          "className": "crawl",
        },
        "ref": null,
        "rendered": Array [
          Object {
            "instance": null,
            "key": undefined,
            "nodeType": "host",
            "props": Object {
              "className": "fade",
            },
            "ref": null,
            "rendered": null,
            "type": "div",
          },
          Object {
            "instance": null,
            "key": undefined,
            "nodeType": "host",
            "props": Object {
              "children": "Star Wars!",
              "className": "scrolling-opening-title",
            },
            "ref": null,
            "rendered": "Star Wars!",
            "type": "h1",
          },
          Object {
            "instance": null,
            "key": undefined,
            "nodeType": "host",
            "props": Object {
              "children": Array [
                <div>
                  <p>
                                    Yogurt
                  </p>
                  <p>
                                    I hate
                  </p>
                  <p>
                                    Yogurt
                  </p>
</div>,
                <p>
                  Jan 1
</p>,
              ],
            },
            "ref": null,
            "rendered": Array [
              Object {
                "instance": null,
                "key": undefined,
                "nodeType": "host",
                "props": Object {
                  "children": Array [
                    <p>
                      Yogurt
</p>,
                    <p>
                      I hate
</p>,
                    <p>
                      Yogurt
</p>,
                  ],
                },
                "ref": null,
                "rendered": Array [
                  Object {
                    "instance": null,
                    "key": undefined,
                    "nodeType": "host",
                    "props": Object {
                      "children": "Yogurt",
                    },
                    "ref": null,
                    "rendered": "Yogurt",
                    "type": "p",
                  },
                  Object {
                    "instance": null,
                    "key": undefined,
                    "nodeType": "host",
                    "props": Object {
                      "children": "I hate",
                    },
                    "ref": null,
                    "rendered": "I hate",
                    "type": "p",
                  },
                  Object {
                    "instance": null,
                    "key": undefined,
                    "nodeType": "host",
                    "props": Object {
                      "children": "Yogurt",
                    },
                    "ref": null,
                    "rendered": "Yogurt",
                    "type": "p",
                  },
                ],
                "type": "div",
              },
              Object {
                "instance": null,
                "key": undefined,
                "nodeType": "host",
                "props": Object {
                  "children": "Jan 1",
                },
                "ref": null,
                "rendered": "Jan 1",
                "type": "p",
              },
            ],
            "type": "div",
          },
        ],
        "type": "div",
      },
      "type": "div",
    },
  ],
  Symbol(enzyme.__options__): Object {
    "adapter": ReactSixteenAdapter {
      "options": Object {
        "enableComponentDidUpdateOnSetState": true,
      },
    },
  },
}
`;
